2026-06-04 07:59:48 [INFO] Application started
2026-06-04 07:59:49 [WARN] Deprecated API usage
2026-06-04 07:59:50 [ERROR] Connection failed
